// Jest Snapshot v1, https://goo.gl/fbAQLP

exports[`renders with data 1`] = `
<div>
  <div>
    <div
      class="sc-bdVaJa idVYWg"
    >
      <div
        class="recharts-responsive-container"
        style="width: 100%; height: 100%;"
      >
        <div
          style="position: absolute; width: 0px; height: 0px; visibility: hidden; display: none;"
        />
      </div>
    </div>
  </div>
</div>
`;

exports[`renders with no data 1`] = `
<div>
  <div>
    <div
      class="sc-bdVaJa idVYWg"
    >
      <div
        class="recharts-responsive-container"
        style="width: 100%; height: 100%;"
      >
        <div
          style="position: absolute; width: 0px; height: 0px; visibility: hidden; display: none;"
        />
      </div>
    </div>
  </div>
</div>
`;
